// Jest Snapshot v1, https://goo.gl/fbAQLP

exports[`<CheckBox /> should render the CheckBox 1`] = `
.c0 {
  display: -webkit-box;
  display: -webkit-flex;
  display: -ms-flexbox;
  display: flex;
  gap: 0.5rem;
  -webkit-align-items: center;
  -webkit-box-align: center;
  -ms-flex-align: center;
  align-items: center;
  width: auto;
}

.c1 {
  justify-self: flex-end;
  width: 1.5rem;
  height: 1.5rem;
  cursor: pointer;
}

<div
  class=""
>
  <div
    class="c0"
  >
    <input
      class="c1"
      data-testid="CheckBox"
      type="checkbox"
      value=""
    />
  </div>
</div>
`;
