// Jest Snapshot v1, https://goo.gl/fbAQLP

exports[`<HomePage /> should render the HomePage 1`] = `
.c41 {
  background-color: #848080;
  width: 100%;
  left: 0;
  bottom: 0;
  padding: 1.5rem 0;
}

.c42 {
  display: -webkit-box;
  display: -webkit-flex;
  display: -ms-flexbox;
  display: flex;
  margin: 0 auto;
  -webkit-box-pack: center;
  -webkit-justify-content: center;
  -ms-flex-pack: center;
  justify-content: center;
  -webkit-align-items: center;
  -webkit-box-align: center;
  -ms-flex-align: center;
  align-items: center;
  gap: 1rem;
  margin: 0 auto 1.5rem;
}

.c43 {
  text-align: center;
  font-weight: 300;
  font-size: 2.4rem;
  color: #FFFFFF;
  margin: 0;
}

.c44 {
  width: 70%;
  display: block;
  margin: 0.5rem auto;
  text-align: center;
  font-weight: 300;
  font-size: 1.2rem;
  color: #FFFFFF;
}

.c7 {
  max-width: 100%;
  object-fit: contain;
}

.c3 {
  width: 8rem;
}

.c6 {
  cursor: pointer;
  display: -webkit-box;
  display: -webkit-flex;
  display: -ms-flexbox;
  display: flex;
  -webkit-box-pack: center;
  -webkit-justify-content: center;
  -ms-flex-pack: center;
  justify-content: center;
  -webkit-align-items: center;
  -webkit-box-align: center;
  -ms-flex-align: center;
  align-items: center;
}

.c11 {
  width: 100%;
}

.c14 {
  list-style: none;
  display: -webkit-box;
  display: -webkit-flex;
  display: -ms-flexbox;
  display: flex;
  -webkit-box-pack: end;
  -webkit-justify-content: flex-end;
  -ms-flex-pack: end;
  justify-content: flex-end;
  -webkit-align-items: center;
  -webkit-box-align: center;
  -ms-flex-align: center;
  align-items: center;
  margin: 0 auto;
}

.c15 {
  font-weight: 700;
  font-size: 1.4rem;
  color: #848080;
  text-align: center;
  margin: 0 1rem;
  cursor: pointer;
  -webkit-transition: color 0.5s ease-in-out;
  transition: color 0.5s ease-in-out;
}

.c15:hover {
  color: #4F4C4C;
  -webkit-transition: color 0.5s ease-in-out;
  transition: color 0.5s ease-in-out;
}

.c18 {
  display: -webkit-inline-box;
  display: -webkit-inline-flex;
  display: -ms-inline-flexbox;
  display: inline-flex;
  -webkit-align-items: center;
  -webkit-box-align: center;
  -ms-flex-align: center;
  align-items: center;
  gap: 0.6rem;
  -webkit-box-pack: center;
  -webkit-justify-content: center;
  -ms-flex-pack: center;
  justify-content: center;
  -webkit-text-decoration: none;
  text-decoration: none;
  cursor: pointer;
  border-radius: 0.4rem;
  -webkit-transition: all 0.5s ease-in-out;
  transition: all 0.5s ease-in-out;
  color: #FFFFFF;
  font-family: 'Open Sans','Roboto','Helvetica Neue',sans-serif;
  font-weight: 700;
  font-size: 1.4rem;
  line-height: 2.6rem;
  height: 3.6rem;
  padding: 0.9rem 4.4rem;
  font-size: 1.4rem;
  -webkit-letter-spacing: 0rem;
  -moz-letter-spacing: 0rem;
  -ms-letter-spacing: 0rem;
  letter-spacing: 0rem;
  background: #510161 0% 0% no-repeat padding-box;
  box-shadow: 0rem 0.4rem 0.8rem #00000014;
  border: none;
}

.c18:hover {
  background: #8802A3 0% 0% no-repeat padding-box;
  -webkit-transition: background 0.5s ease-in-out;
  transition: background 0.5s ease-in-out;
}

.c21 {
  display: -webkit-inline-box;
  display: -webkit-inline-flex;
  display: -ms-inline-flexbox;
  display: inline-flex;
  -webkit-align-items: center;
  -webkit-box-align: center;
  -ms-flex-align: center;
  align-items: center;
  gap: 0.6rem;
  -webkit-box-pack: center;
  -webkit-justify-content: center;
  -ms-flex-pack: center;
  justify-content: center;
  -webkit-text-decoration: none;
  text-decoration: none;
  cursor: pointer;
  border-radius: 0.4rem;
  -webkit-transition: all 0.5s ease-in-out;
  transition: all 0.5s ease-in-out;
  color: #FFFFFF;
  font-family: 'Open Sans','Roboto','Helvetica Neue',sans-serif;
  font-weight: 700;
  font-size: 1.4rem;
  line-height: 2.6rem;
  height: 3.6rem;
  padding: 0.9rem 4.4rem;
  font-size: 1.4rem;
  -webkit-letter-spacing: 0rem;
  -moz-letter-spacing: 0rem;
  -ms-letter-spacing: 0rem;
  letter-spacing: 0rem;
  color: #2D2A2A;
  background: transparent 0% 0% no-repeat padding-box;
  border: 0.2rem solid #510161;
  box-shadow: 0rem 0.4rem 0.8rem #00000014;
}

.c21:hover {
  color: #FFFFFF;
  border-color: #8802A3;
  background: #8802A3 0% 0% no-repeat padding-box;
  -webkit-transition: background 0.5s ease-in-out;
  transition: background 0.5s ease-in-out;
}

.c8 {
  display: inline-block;
  vertical-align: middle;
  overflow: hidden;
}

.c1 {
  position: fixed;
  top: 0;
  left: 0;
  width: 100%;
  height: 7.5rem;
  background-color: #FFFFFF;
  z-index: 999;
  -webkit-transition: all 0.5s ease-in-out;
  transition: all 0.5s ease-in-out;
}

.c2 {
  width: 100%;
  height: 7.5rem;
  display: grid;
  grid-template-columns: 18% 60% 22%;
  -webkit-align-items: center;
  -webkit-box-align: center;
  -ms-flex-align: center;
  align-items: center;
}

.c5 {
  width: 7rem;
  margin-left: 2rem;
}

.c13 {
  justify-self: flex-end;
}

.c17 {
  width: 100%;
  display: -webkit-box;
  display: -webkit-flex;
  display: -ms-flexbox;
  display: flex;
  -webkit-align-items: center;
  -webkit-box-align: center;
  -ms-flex-align: center;
  align-items: center;
  -webkit-box-pack: center;
  -webkit-justify-content: center;
  -ms-flex-pack: center;
  justify-content: center;
  gap: 1rem;
}

.c20 {
  padding: 1rem 2rem;
  font-size: 1.4rem;
}

.c23 {
  padding: 1rem;
  font-size: 1.4rem;
}

.c10 {
  display: none;
}

.c0 {
  display: -webkit-box;
  display: -webkit-flex;
  display: -ms-flexbox;
  display: flex;
  -webkit-flex-direction: column;
  -ms-flex-direction: column;
  flex-direction: column;
  margin: 8rem auto 0;
  max-width: 100%;
}

.c24 {
  max-width: 100%;
}

.c27 {
  object-fit: contain;
  max-width: 100%;
  height: auto;
  margin: auto;
  z-index: -1;
}

.c25 {
  width: 100%;
  position: relative;
}

.c26 {
  margin: auto;
  max-width: 192rem;
  position: relative;
}

.c28 {
  top: 35%;
  width: 100%;
  position: absolute;
}

.c29 {
  text-align: center;
  font-size: 2.8rem;
  font-weight: 700;
  color: #FFFFFF;
  line-height: 6.2rem;
  -webkit-letter-spacing: 0;
  -moz-letter-spacing: 0;
  -ms-letter-spacing: 0;
  letter-spacing: 0;
}

.c30 {
  display: block;
  text-align: center;
  font-size: 1.4rem;
  font-weight: 700;
  color: #FFFFFF;
  line-height: 2.4rem;
  margin-bottom: 3rem;
}

.c31 {
  background-color: #fafafa;
  width: 100%;
  padding: 3rem 0;
  margin: 2rem auto;
}

.c32 {
  color: #510161;
  font-size: 3.2rem;
  font-weight: 600;
  line-height: 4.9rem;
  -webkit-letter-spacing: 0.18rem;
  -moz-letter-spacing: 0.18rem;
  -ms-letter-spacing: 0.18rem;
  letter-spacing: 0.18rem;
  text-align: center;
  margin: 2rem;
}

.c33 {
  display: -webkit-box;
  display: -webkit-flex;
  display: -ms-flexbox;
  display: flex;
  -webkit-flex-wrap: wrap;
  -ms-flex-wrap: wrap;
  flex-wrap: wrap;
  -webkit-box-pack: center;
  -webkit-justify-content: center;
  -ms-flex-pack: center;
  justify-content: center;
  gap: 3rem;
  margin: 0 auto;
  width: 80%;
}

.c34 {
  max-width: 20rem;
  height: auto;
  padding: 1.5rem;
}

.c35 {
  color: #848080;
  font-size: 4.0rem;
  font-weight: 600;
  text-align: center;
  position: relative;
  display: -webkit-box;
  display: -webkit-flex;
  display: -ms-flexbox;
  display: flex;
  -webkit-box-pack: center;
  -webkit-justify-content: center;
  -ms-flex-pack: center;
  justify-content: center;
  margin: 0 auto;
  max-width: 50%;
  height: auto;
  z-index: 1;
}

.c35:before {
  content: '';
  width: 8rem;
  height: 1.7rem;
  border-radius: 1rem;
  background-color: #510161;
  position: absolute;
  top: 65%;
  opacity: 0.3;
  z-index: -1;
}

.c35:before {
  opacity: 0.25;
}

.c38 {
  color: #848080;
  font-size: 4.0rem;
  font-weight: 600;
  text-align: center;
  position: relative;
  display: -webkit-box;
  display: -webkit-flex;
  display: -ms-flexbox;
  display: flex;
  -webkit-box-pack: center;
  -webkit-justify-content: center;
  -ms-flex-pack: center;
  justify-content: center;
  margin: 0 auto;
  max-width: 50%;
  height: auto;
  z-index: 1;
}

.c38:before {
  content: '';
  width: 8rem;
  height: 1.7rem;
  border-radius: 1rem;
  background-color: #510161;
  position: absolute;
  top: 65%;
  opacity: 0.3;
  z-index: -1;
}

.c38:before {
  opacity: 0.5;
}

.c39 {
  color: #848080;
  font-size: 4.0rem;
  font-weight: 600;
  text-align: center;
  position: relative;
  display: -webkit-box;
  display: -webkit-flex;
  display: -ms-flexbox;
  display: flex;
  -webkit-box-pack: center;
  -webkit-justify-content: center;
  -ms-flex-pack: center;
  justify-content: center;
  margin: 0 auto;
  max-width: 50%;
  height: auto;
  z-index: 1;
}

.c39:before {
  content: '';
  width: 8rem;
  height: 1.7rem;
  border-radius: 1rem;
  background-color: #510161;
  position: absolute;
  top: 65%;
  opacity: 0.3;
  z-index: -1;
}

.c39:before {
  opacity: 0.75;
}

.c40 {
  color: #848080;
  font-size: 4.0rem;
  font-weight: 600;
  text-align: center;
  position: relative;
  display: -webkit-box;
  display: -webkit-flex;
  display: -ms-flexbox;
  display: flex;
  -webkit-box-pack: center;
  -webkit-justify-content: center;
  -ms-flex-pack: center;
  justify-content: center;
  margin: 0 auto;
  max-width: 50%;
  height: auto;
  z-index: 1;
}

.c40:before {
  content: '';
  width: 8rem;
  height: 1.7rem;
  border-radius: 1rem;
  background-color: #510161;
  position: absolute;
  top: 65%;
  opacity: 0.3;
  z-index: -1;
}

.c40:before {
  opacity: 0.97;
}

.c36 {
  color: #2D2A2A;
  font-size: 1.6rem;
  text-align: center;
  margin: 0.5rem 0;
}

.c37 {
  color: #CCC8C8;
  font-size: 1.2rem;
  line-height: 2rem;
  text-align: center;
}

@media (max-width:768px) {
  .c42 {
    -webkit-flex-direction: column;
    -ms-flex-direction: column;
    flex-direction: column;
  }
}

@media (min-width:1920px) {
  .c43 {
    font-size: 2.8rem;
  }
}

@media (max-width:768px) {
  .c43 {
    width: 90%;
  }
}

@media (min-width:1920px) {
  .c44 {
    font-size: 1.4rem;
  }
}

@media (max-width:768px) {
  .c44 {
    margin: 1rem auto;
    width: 80%;
  }
}

@media (max-width:1024px) {
  .c11 {
    height: 100%;
  }
}

@media (max-width:1024px) {
  .c14 {
    height: 100%;
    -webkit-flex-direction: column;
    -ms-flex-direction: column;
    flex-direction: column;
    -webkit-box-pack: space-around;
    -webkit-justify-content: space-around;
    -ms-flex-pack: space-around;
    justify-content: space-around;
  }
}

@media (max-width:1024px) {
  .c1 .c4 {
    width: 6rem;
    position: fixed;
    top: 1rem;
    left: 1rem;
  }

  .c1 .c9 {
    position: fixed;
    top: 1.4rem;
    right: 1rem;
    display: block;
    width: 4rem;
    cursor: pointer;
  }

  .c1 .c16 {
    visibility: 0;
    overflow: hide;
    height: 0;
    opacity: 0;
    pointer-events: none;
    position: absolute;
    top: 9rem;
    -webkit-transition: all 0.2s ease-in-out;
    transition: all 0.2s ease-in-out;
  }

  .c1 .c19 {
    visibility: 0;
    overflow: hide;
    height: 0;
    opacity: 0;
    pointer-events: none;
    -webkit-transition: all 0.5s ease-in-out;
    transition: all 0.5s ease-in-out;
  }

  .c1 .c22 {
    visibility: 0;
    overflow: hide;
    height: 0;
    opacity: 0;
    pointer-events: none;
    -webkit-transition: all 0.5s ease-in-out;
    transition: all 0.5s ease-in-out;
  }

  .c1 .c12 {
    justify-self: center;
    visibility: 0;
    overflow: hide;
    height: 0;
    opacity: 0;
    pointer-events: none;
    position: absolute;
    top: 16rem;
    -webkit-transition: all 0.2s ease-in-out;
    transition: all 0.2s ease-in-out;
  }

  .c1 .c12 ul,
  .c1 .c12 li {
    pointer-events: none;
  }
}

@media (min-width:1920px) {
  .c2 {
    width: 70%;
    margin: auto;
    -webkit-box-pack: center;
    -webkit-justify-content: center;
    -ms-flex-pack: center;
    justify-content: center;
  }
}

@media (min-width:1366px) {
  .c5 {
    width: 9rem;
  }
}

@media (min-width:1920px) {
  .c27 {
    border-radius: 2rem;
  }
}

@media (max-width:1024px) {
  .c26 {
    margin-top: 1rem;
  }
}

@media (min-width:1920px) {
  .c29 {
    border-radius: 2rem;
  }
}

<div
  class="c0"
>
  <header
    class="c1"
  >
    <div
      class="c2"
    >
      <div
        class="c3 c4 c5"
        data-testid="Wrapper"
      >
        <span
          class="c6"
        >
          <div
            style="display: inline-block; max-width: 100%; overflow: hidden; position: relative; box-sizing: border-box; margin: 0px;"
          >
            <div
              style="box-sizing: border-box; display: block; max-width: 100%;"
            >
              <img
                alt=""
                aria-hidden="true"
                src="data:image/svg+xml;base64,PHN2ZyB3aWR0aD0iNjAwIiBoZWlnaHQ9IjUxMiIgeG1sbnM9Imh0dHA6Ly93d3cudzMub3JnLzIwMDAvc3ZnIiB2ZXJzaW9uPSIxLjEiLz4="
                style="max-width: 100%; display: block; margin: 0px; padding: 0px;"
              />
            </div>
            <img
              alt="Logo Lorem Ipsum"
              class="c7"
              data-nimg="intrinsic"
              decoding="async"
              src="data:image/gif;base64,R0lGODlhAQABAIAAAAAAAP///yH5BAEAAAAALAAAAAABAAEAAAIBRAA7"
              style="position: absolute; top: 0px; left: 0px; bottom: 0px; right: 0px; box-sizing: border-box; padding: 0px; margin: auto; display: block; width: 0px; height: 0px; min-width: 100%; max-width: 100%; min-height: 100%; max-height: 100%;"
            />
            <noscript />
          </div>
        </span>
      </div>
      <svg
        aria-hidden="true"
        class="c8 c9 c10"
        data-testid="MenuIcon"
        fill="currentColor"
        focusable="false"
        viewBox="0 0 512 512"
        xmlns="http://www.w3.org/2000/svg"
      >
        <path
          d="M88 152h336M88 256h336M88 360h336"
          fill="none"
          stroke="currentColor"
          stroke-linecap="round"
          stroke-miterlimit="10"
          stroke-width="48"
        />
      </svg>
      <nav
        class="c11 c12 c13"
      >
        <ul
          class="c14"
        >
          <li
            class="c15"
          >
            Link 1
          </li>
          <li
            class="c15"
          >
            Link 2
          </li>
          <li
            class="c15"
          >
            Link 3
          </li>
          <li
            class="c15"
          >
            Link 4
          </li>
          <li
            class="c15"
          >
            Link 5
          </li>
          <li
            class="c15"
          >
            Link 6
          </li>
        </ul>
      </nav>
      <div
        class="c16 c17"
      >
        <button
          class="c18 c19 c20"
        >
          Sign In
        </button>
        <button
          class="c21 c22 c23"
        >
          Sign Up
        </button>
      </div>
    </div>
  </header>
  <div
    class="c24"
  >
    <section
      class="c25"
    >
      <div
        class="c26"
      >
        <div
          style="display: inline-block; max-width: 100%; overflow: hidden; position: relative; box-sizing: border-box; margin: 0px;"
        >
          <div
            style="box-sizing: border-box; display: block; max-width: 100%;"
          >
            <img
              alt=""
              aria-hidden="true"
              src="data:image/svg+xml;base64,PHN2ZyB3aWR0aD0iMTkyMCIgaGVpZ2h0PSIxMDgwIiB4bWxucz0iaHR0cDovL3d3dy53My5vcmcvMjAwMC9zdmciIHZlcnNpb249IjEuMSIvPg=="
              style="max-width: 100%; display: block; margin: 0px; padding: 0px;"
            />
          </div>
          <img
            alt="Universe image"
            class="c27"
            data-nimg="intrinsic"
            decoding="async"
            src="data:image/gif;base64,R0lGODlhAQABAIAAAAAAAP///yH5BAEAAAAALAAAAAABAAEAAAIBRAA7"
            style="position: absolute; top: 0px; left: 0px; bottom: 0px; right: 0px; box-sizing: border-box; padding: 0px; margin: auto; display: block; width: 0px; height: 0px; min-width: 100%; max-width: 100%; min-height: 100%; max-height: 100%;"
          />
          <noscript />
        </div>
      </div>
      <div
        class="c28"
      >
        <h1
          class="c29"
        >
          Lorem ipsum dolor sit amet
        </h1>
        <p
          class="c30"
        >
          Ut enim ad minim veniam
        </p>
      </div>
    </section>
    <section
      class="c31"
    >
      <h4
        class="c32"
      >
        At lectus urna duis convallis
      </h4>
      <div
        class="c33"
      >
        <div
          class="c34"
        >
          <p
            class="c35"
          >
            01.
          </p>
          <h5
            class="c36"
          >
            Lorem ipsum dolor
          </h5>
          <p
            class="c37"
          >
            Excepteur sint occaecat cupidatat non proident.
          </p>
        </div>
        <div
          class="c34"
        >
          <p
            class="c38"
          >
            02.
          </p>
          <h5
            class="c36"
          >
            Cursus in hac habitasse platea dictumst.
          </h5>
          <p
            class="c37"
          >
            Excepteur sint occaecat cupidatat non proident.
          </p>
        </div>
        <div
          class="c34"
        >
          <p
            class="c39"
          >
            03.
          </p>
          <h5
            class="c36"
          >
            Non blandit massa
          </h5>
          <p
            class="c37"
          >
            Excepteur sint occaecat cupidatat non proident.
          </p>
        </div>
        <div
          class="c34"
        >
          <p
            class="c40"
          >
            04.
          </p>
          <h5
            class="c36"
          >
            Aliquet lectus proin nibh nisl
          </h5>
          <p
            class="c37"
          >
            Excepteur sint occaecat cupidatat non proident.
          </p>
        </div>
      </div>
    </section>
  </div>
  <footer
    class="c41"
  >
    <div
      class="c42"
    >
      <div
        style="display: inline-block; max-width: 100%; overflow: hidden; position: relative; box-sizing: border-box; margin: 0px;"
      >
        <div
          style="box-sizing: border-box; display: block; max-width: 100%;"
        >
          <img
            alt=""
            aria-hidden="true"
            src="data:image/svg+xml;base64,PHN2ZyB3aWR0aD0iMzUiIGhlaWdodD0iMzUiIHhtbG5zPSJodHRwOi8vd3d3LnczLm9yZy8yMDAwL3N2ZyIgdmVyc2lvbj0iMS4xIi8+"
            style="max-width: 100%; display: block; margin: 0px; padding: 0px;"
          />
        </div>
        <img
          alt="ISO 9001-2015"
          class=""
          data-nimg="intrinsic"
          decoding="async"
          src="data:image/gif;base64,R0lGODlhAQABAIAAAAAAAP///yH5BAEAAAAALAAAAAABAAEAAAIBRAA7"
          style="position: absolute; top: 0px; left: 0px; bottom: 0px; right: 0px; box-sizing: border-box; padding: 0px; margin: auto; display: block; width: 0px; height: 0px; min-width: 100%; max-width: 100%; min-height: 100%; max-height: 100%;"
        />
        <noscript />
      </div>
      <p
        class="c43"
      >
        Etiam dignissim diam quis enim lobortis scelerisque.
      </p>
    </div>
    <span
      class="c44"
    >
      Id diam maecenas ultricies mi eget. Aenean sed adipiscing diam donec adipiscing.
    </span>
    <span
      class="c44"
    >
      Phasellus faucibus scelerisque eleifend donec pretium vulputate sapien. Imperdiet dui accumsan sit amet nulla facilisi morbi tempus.
    </span>
  </footer>
</div>
`;
