// Jest Snapshot v1, https://goo.gl/fbAQLP

exports[`<Main /> should render the Main 1`] = `
.c0 {
  background: #FFFFFF;
}

<div
  class="c0"
>
  <h1>
    Main
  </h1>
</div>
`;
